src/app/api/budgets/smart/route.ts(17,105): error TS2551: Property 'returning' does not exist on type 'MySqlInsertBase<MySqlTableWithColumns<{ name: "budgets"; schema: undefined; columns: { id: MySqlColumn<{ name: "id"; tableName: "budgets"; dataType: "number"; columnType: "MySqlSerial"; data: number; driverParam: number; notNull: true; hasDefault: true; ... 6 more ...; generated: undefined; }, {}, {}>; category: MyS...'. Did you mean '$returningId'?
src/app/api/data/route.ts(52,111): error TS2339: Property 'onConflictDoUpdate' does not exist on type 'MySqlInsertBase<MySqlTableWithColumns<{ name: "settings"; schema: undefined; columns: { key: MySqlColumn<{ name: "key"; tableName: "settings"; dataType: "string"; columnType: "MySqlVarChar"; data: string; driverParam: string | number; notNull: true; ... 7 more ...; generated: undefined; }, {}, {}>; value: MySqlColum...'.
src/app/api/reports/generate/route.ts(19,127): error TS2551: Property 'returning' does not exist on type 'MySqlInsertBase<MySqlTableWithColumns<{ name: "reports"; schema: undefined; columns: { id: MySqlColumn<{ name: "id"; tableName: "reports"; dataType: "number"; columnType: "MySqlSerial"; data: number; driverParam: number; notNull: true; hasDefault: true; ... 6 more ...; generated: undefined; }, {}, {}>; ... 6 more .....'. Did you mean '$returningId'?
src/app/api/scan/[id]/save/route.ts(30,6): error TS2551: Property 'returning' does not exist on type 'MySqlInsertBase<MySqlTableWithColumns<{ name: "transactions"; schema: undefined; columns: { id: MySqlColumn<{ name: "id"; tableName: "transactions"; dataType: "number"; columnType: "MySqlSerial"; data: number; driverParam: number; notNull: true; ... 7 more ...; generated: undefined; }, {}, {}>; ... 13 more ...; crea...'. Did you mean '$returningId'?
src/app/api/scan/[id]/save/route.ts(31,131): error TS2339: Property 'returning' does not exist on type 'Omit<MySqlUpdateBase<MySqlTableWithColumns<{ name: "scans"; schema: undefined; columns: { id: MySqlColumn<{ name: "id"; tableName: "scans"; dataType: "number"; columnType: "MySqlSerial"; data: number; driverParam: number; notNull: true; hasDefault: true; ... 6 more ...; generated: undefined; }, {}, {}>; ... 13 more ...'.
src/app/api/scan/route.ts(96,8): error TS2551: Property 'returning' does not exist on type 'MySqlInsertBase<MySqlTableWithColumns<{ name: "scans"; schema: undefined; columns: { id: MySqlColumn<{ name: "id"; tableName: "scans"; dataType: "number"; columnType: "MySqlSerial"; data: number; driverParam: number; notNull: true; hasDefault: true; ... 6 more ...; generated: undefined; }, {}, {}>; ... 13 more ...; ...'. Did you mean '$returningId'?
src/app/api/transactions/[id]/route.ts(26,96): error TS2339: Property 'returning' does not exist on type 'Omit<MySqlUpdateBase<MySqlTableWithColumns<{ name: "transactions"; schema: undefined; columns: { id: MySqlColumn<{ name: "id"; tableName: "transactions"; dataType: "number"; columnType: "MySqlSerial"; data: number; driverParam: number; notNull: true; ... 7 more ...; generated: undefined; }, {}, {}>; ... 13 more ...;...'.
src/app/api/transactions/[id]/route.ts(37,86): error TS2339: Property 'returning' does not exist on type 'Omit<MySqlDeleteBase<MySqlTableWithColumns<{ name: "transactions"; schema: undefined; columns: { id: MySqlColumn<{ name: "id"; tableName: "transactions"; dataType: "number"; columnType: "MySqlSerial"; data: number; driverParam: number; notNull: true; ... 7 more ...; generated: undefined; }, {}, {}>; ... 13 more ...;...'.
src/app/api/transactions/bulk/route.ts(15,85): error TS2339: Property 'returning' does not exist on type 'Omit<MySqlDeleteBase<MySqlTableWithColumns<{ name: "transactions"; schema: undefined; columns: { id: MySqlColumn<{ name: "id"; tableName: "transactions"; dataType: "number"; columnType: "MySqlSerial"; data: number; driverParam: number; notNull: true; ... 7 more ...; generated: undefined; }, {}, {}>; ... 13 more ...;...'.
src/app/api/transactions/route.ts(87,6): error TS2551: Property 'returning' does not exist on type 'MySqlInsertBase<MySqlTableWithColumns<{ name: "transactions"; schema: undefined; columns: { id: MySqlColumn<{ name: "id"; tableName: "transactions"; dataType: "number"; columnType: "MySqlSerial"; data: number; driverParam: number; notNull: true; ... 7 more ...; generated: undefined; }, {}, {}>; ... 13 more ...; crea...'. Did you mean '$returningId'?
src/db/seed.ts(108,6): error TS2551: Property 'returning' does not exist on type 'MySqlInsertBase<MySqlTableWithColumns<{ name: "accounts"; schema: undefined; columns: { id: MySqlColumn<{ name: "id"; tableName: "accounts"; dataType: "number"; columnType: "MySqlSerial"; data: number; driverParam: number; notNull: true; hasDefault: true; ... 6 more ...; generated: undefined; }, {}, {}>; ... 7 more ...'. Did you mean '$returningId'?
src/db/seed.ts(239,6): error TS2551: Property 'returning' does not exist on type 'MySqlInsertBase<MySqlTableWithColumns<{ name: "groups"; schema: undefined; columns: { id: MySqlColumn<{ name: "id"; tableName: "groups"; dataType: "number"; columnType: "MySqlSerial"; data: number; driverParam: number; notNull: true; hasDefault: true; ... 6 more ...; generated: undefined; }, {}, {}>; name: MySqlColu...'. Did you mean '$returningId'?
src/db/seed.ts(282,56): error TS2339: Property 'onConflictDoNothing' does not exist on type 'MySqlInsertBase<MySqlTableWithColumns<{ name: "settings"; schema: undefined; columns: { key: MySqlColumn<{ name: "key"; tableName: "settings"; dataType: "string"; columnType: "MySqlVarChar"; data: string; driverParam: string | number; notNull: true; ... 7 more ...; generated: undefined; }, {}, {}>; value: MySqlColum...'.
src/db/seed.ts(284,70): error TS2339: Property 'onConflictDoNothing' does not exist on type 'MySqlInsertBase<MySqlTableWithColumns<{ name: "settings"; schema: undefined; columns: { key: MySqlColumn<{ name: "key"; tableName: "settings"; dataType: "string"; columnType: "MySqlVarChar"; data: string; driverParam: string | number; notNull: true; ... 7 more ...; generated: undefined; }, {}, {}>; value: MySqlColum...'.
